// Jest Snapshot v1, https://goo.gl/fbAQLP

exports[`Correctly Renders Block Icons on Inserter and Inspector Block with dash icon Renders correctly the icon in the inserter 1`] = `"<svg aria-hidden=\\"true\\" role=\\"img\\" focusable=\\"false\\" class=\\"dashicon dashicons-cart\\" xmlns=\\"http://www.w3.org/2000/svg\\" width=\\"20\\" height=\\"20\\" viewBox=\\"0 0 20 20\\"><path d=\\"M6 13h9c.55 0 1 .45 1 1s-.45 1-1 1H5c-.55 0-1-.45-1-1V4H2c-.55 0-1-.45-1-1s.45-1 1-1h3c.55 0 1 .45 1 1v2h13l-4 7H6v1zm-.5 3c.83 0 1.5.67 1.5 1.5S6.33 19 5.5 19 4 18.33 4 17.5 4.67 16 5.5 16zm9 0c.83 0 1.5.67 1.5 1.5s-.67 1.5-1.5 1.5-1.5-.67-1.5-1.5.67-1.5 1.5-1.5z\\"></path></svg>"`;

exports[`Correctly Renders Block Icons on Inserter and Inspector Block with dash icon Renders correctly the icon on the inspector 1`] = `"<svg aria-hidden=\\"true\\" role=\\"img\\" focusable=\\"false\\" class=\\"dashicon dashicons-cart\\" xmlns=\\"http://www.w3.org/2000/svg\\" width=\\"20\\" height=\\"20\\" viewBox=\\"0 0 20 20\\"><path d=\\"M6 13h9c.55 0 1 .45 1 1s-.45 1-1 1H5c-.55 0-1-.45-1-1V4H2c-.55 0-1-.45-1-1s.45-1 1-1h3c.55 0 1 .45 1 1v2h13l-4 7H6v1zm-.5 3c.83 0 1.5.67 1.5 1.5S6.33 19 5.5 19 4 18.33 4 17.5 4.67 16 5.5 16zm9 0c.83 0 1.5.67 1.5 1.5s-.67 1.5-1.5 1.5-1.5-.67-1.5-1.5.67-1.5 1.5-1.5z\\"></path></svg>"`;

exports[`Correctly Renders Block Icons on Inserter and Inspector Block with dash icon and background and foreground colors Renders the icon in the inserter with the correct colors 1`] = `"<svg aria-hidden=\\"true\\" role=\\"img\\" focusable=\\"false\\" class=\\"dashicon dashicons-cart\\" xmlns=\\"http://www.w3.org/2000/svg\\" width=\\"20\\" height=\\"20\\" viewBox=\\"0 0 20 20\\"><path d=\\"M6 13h9c.55 0 1 .45 1 1s-.45 1-1 1H5c-.55 0-1-.45-1-1V4H2c-.55 0-1-.45-1-1s.45-1 1-1h3c.55 0 1 .45 1 1v2h13l-4 7H6v1zm-.5 3c.83 0 1.5.67 1.5 1.5S6.33 19 5.5 19 4 18.33 4 17.5 4.67 16 5.5 16zm9 0c.83 0 1.5.67 1.5 1.5s-.67 1.5-1.5 1.5-1.5-.67-1.5-1.5.67-1.5 1.5-1.5z\\"></path></svg>"`;

exports[`Correctly Renders Block Icons on Inserter and Inspector Block with dash icon and background and foreground colors Renders the icon in the inspector with the correct colors 1`] = `"<svg aria-hidden=\\"true\\" role=\\"img\\" focusable=\\"false\\" class=\\"dashicon dashicons-cart\\" xmlns=\\"http://www.w3.org/2000/svg\\" width=\\"20\\" height=\\"20\\" viewBox=\\"0 0 20 20\\"><path d=\\"M6 13h9c.55 0 1 .45 1 1s-.45 1-1 1H5c-.55 0-1-.45-1-1V4H2c-.55 0-1-.45-1-1s.45-1 1-1h3c.55 0 1 .45 1 1v2h13l-4 7H6v1zm-.5 3c.83 0 1.5.67 1.5 1.5S6.33 19 5.5 19 4 18.33 4 17.5 4.67 16 5.5 16zm9 0c.83 0 1.5.67 1.5 1.5s-.67 1.5-1.5 1.5-1.5-.67-1.5-1.5.67-1.5 1.5-1.5z\\"></path></svg>"`;

exports[`Correctly Renders Block Icons on Inserter and Inspector Block with function icon Renders correctly the icon in the inserter 1`] = `"<svg width=\\"20\\" height=\\"20\\" viewBox=\\"0 0 20 20\\"><circle cx=\\"10\\" cy=\\"10\\" r=\\"10\\" fill=\\"red\\" stroke=\\"blue\\" stroke-width=\\"10\\"></circle></svg>"`;

exports[`Correctly Renders Block Icons on Inserter and Inspector Block with function icon Renders correctly the icon on the inspector 1`] = `"<svg width=\\"20\\" height=\\"20\\" viewBox=\\"0 0 20 20\\"><circle cx=\\"10\\" cy=\\"10\\" r=\\"10\\" fill=\\"red\\" stroke=\\"blue\\" stroke-width=\\"10\\"></circle></svg>"`;

exports[`Correctly Renders Block Icons on Inserter and Inspector Block with svg icon Renders correctly the icon in the inserter 1`] = `"<svg width=\\"20\\" height=\\"20\\" viewBox=\\"0 0 20 20\\"><circle cx=\\"10\\" cy=\\"10\\" r=\\"10\\" fill=\\"red\\" stroke=\\"blue\\" stroke-width=\\"10\\"></circle></svg>"`;

exports[`Correctly Renders Block Icons on Inserter and Inspector Block with svg icon Renders correctly the icon on the inspector 1`] = `"<svg width=\\"20\\" height=\\"20\\" viewBox=\\"0 0 20 20\\"><circle cx=\\"10\\" cy=\\"10\\" r=\\"10\\" fill=\\"red\\" stroke=\\"blue\\" stroke-width=\\"10\\"></circle></svg>"`;

exports[`Correctly Renders Block Icons on Inserter and Inspector Block with svg icon and background color Renders correctly the icon on the inspector 1`] = `"<svg width=\\"20\\" height=\\"20\\" viewBox=\\"0 0 20 20\\"><circle cx=\\"10\\" cy=\\"10\\" r=\\"10\\" fill=\\"red\\" stroke=\\"blue\\" stroke-width=\\"10\\"></circle></svg>"`;

exports[`Correctly Renders Block Icons on Inserter and Inspector Block with svg icon and background color Renders the icon in the inserter with the correct background color and an automatically compute readable foreground color 1`] = `"<svg width=\\"20\\" height=\\"20\\" viewBox=\\"0 0 20 20\\"><circle cx=\\"10\\" cy=\\"10\\" r=\\"10\\" fill=\\"red\\" stroke=\\"blue\\" stroke-width=\\"10\\"></circle></svg>"`;
